// Jest Snapshot v1, https://goo.gl/fbAQLP

exports[`css/baseline should match current snapshot 1`] = `"b1k39ji7"`;
